alex@morga-linux:~$ ls
Descargas  Documentos  Imágenes  Plantillas  scala             spark
Discord    Escritorio  Música    Público     scala-2.12.8.deb  Vídeos
alex@morga-linux:~$ cd Documentos
alex@morga-linux:~/Documentos$ mkdir Proyectos
alex@morga-linux:~/Documentos$ cd Proyectos
alex@morga-linux:~/Documentos/Proyectos$ git clon https://github.com/MorgaSA/Test.git
git: 'clon'no es un comando de git. Mira 'git --help'.

Los comandos mas similares son
	clone
	column
alex@morga-linux:~/Documentos/Proyectos$ git clone https://github.com/MorgaSA/Test.git
Clonando en 'Test'...
remote: Enumerating objects: 3, done.
remote: Counting objects: 100% (3/3), done.
remote: Total 3 (delta 0), reused 0 (delta 0), pack-reused 0
Desempaquetando objetos: 100% (3/3), listo.
alex@morga-linux:~/Documentos/Proyectos$ ls
Test
alex@morga-linux:~/Documentos/Proyectos$ cd test
bash: cd: test: No existe el archivo o el directorio
alex@morga-linux:~/Documentos/Proyectos$ cd Test
alex@morga-linux:~/Documentos/Proyectos/Test$ git status
En la rama master
Tu rama está actualizada con 'origin/master'.

Archivos sin seguimiento:
  (usa "git add <archivo>..." para incluirlo a lo que se será confirmado)

	Unidad 1/

no hay nada agregado al commit pero hay archivos sin seguimiento presentes (usa "git add" para hacerles seguimiento)
alex@morga-linux:~/Documentos/Proyectos/Test$ git add -A
alex@morga-linux:~/Documentos/Proyectos/Test$ git status
En la rama master
Tu rama está actualizada con 'origin/master'.

Cambios a ser confirmados:
  (usa "git reset HEAD <archivo>..." para sacar del área de stage)

	nuevo archivo:  Unidad 1/Clase1
	nuevo archivo:  Unidad 1/Conversiones.scala
	nuevo archivo:  Unidad 1/Examen1.scala
	nuevo archivo:  Unidad 1/Practica
	nuevo archivo:  Unidad 1/Practica.scala
	nuevo archivo:  Unidad 1/Sesion_2.scala
	nuevo archivo:  Unidad 1/Sesion_3.scala
	nuevo archivo:  Unidad 1/algoritmo_2.scala
	nuevo archivo:  Unidad 1/algoritmo_3.scala
	nuevo archivo:  Unidad 1/algoritmo_4.scala
	nuevo archivo:  Unidad 1/algoritmo_5.scala

alex@morga-linux:~/Documentos/Proyectos/Test$ git commit -m "Mis practicas profe de scala poderoso"

*** Por favor cuéntame quien eres.

Corre

  git config --global user.email "you@example.com"
  git config --global user.name "Tu Nombre"

para configurar la identidad por defecto de tu cuenta.
Omite --global para configurar tu identidad solo en este repositorio.

fatal: no es posible auto-detectar la dirección de correo (se obtuvo 'alex@morga-linux.(none)')
alex@morga-linux:~/Documentos/Proyectos/Test$  git config --global user.email "you@example.com"
alex@morga-linux:~/Documentos/Proyectos/Test$  git config --global user.email "you@example.com"
alex@morga-linux:~/Documentos/Proyectos/Test$  git config --global user.email "you@example.com"
alex@morga-linux:~/Documentos/Proyectos/Test$ git config --global user.email "morga9497@gmail.com"
alex@morga-linux:~/Documentos/Proyectos/Test$ git config --global user.name "Morga"
alex@morga-linux:~/Documentos/Proyectos/Test$ git commit -m "Mis practicas profe de scala poderoso"
[master 4cc39df] Mis practicas profe de scala poderoso
 11 files changed, 368 insertions(+)
 create mode 100644 Unidad 1/Clase1
 create mode 100644 Unidad 1/Conversiones.scala
 create mode 100644 Unidad 1/Examen1.scala
 create mode 100644 Unidad 1/Practica
 create mode 100644 Unidad 1/Practica.scala
 create mode 100644 Unidad 1/Sesion_2.scala
 create mode 100644 Unidad 1/Sesion_3.scala
 create mode 100644 Unidad 1/algoritmo_2.scala
 create mode 100644 Unidad 1/algoritmo_3.scala
 create mode 100644 Unidad 1/algoritmo_4.scala
 create mode 100644 Unidad 1/algoritmo_5.scala
alex@morga-linux:~/Documentos/Proyectos/Test$ git push
Username for 'https://github.com': MorgaSA
Password for 'https://MorgaSA@github.com': 
Contando objetos: 14, listo.
Delta compression using up to 8 threads.
Comprimiendo objetos: 100% (13/13), listo.
Escribiendo objetos: 100% (14/14), 3.20 KiB | 820.00 KiB/s, listo.
/